`torch_dtype` is deprecated! Use `dtype` instead!
Loading checkpoint shards:   0%|          | 0/3 [00:00<?, ?it/s]Loading checkpoint shards:  33%|███▎      | 1/3 [00:06<00:12,  6.04s/it]Loading checkpoint shards:  67%|██████▋   | 2/3 [00:10<00:04,  4.87s/it]Loading checkpoint shards: 100%|██████████| 3/3 [00:10<00:00,  2.71s/it]Loading checkpoint shards: 100%|██████████| 3/3 [00:10<00:00,  3.41s/it]
Traceback (most recent call last):
  File "<frozen runpy>", line 198, in _run_module_as_main
  File "<frozen runpy>", line 88, in _run_code
  File "/mlx_devbox/users/lixingzuo.26/MPRL/rllm/examples/deepscaler/train_deepscaler_trl.py", line 38, in <module>
    main()
  File "/mlx_devbox/users/lixingzuo.26/MPRL/.venv-mprl311/lib/python3.11/site-packages/hydra/main.py", line 94, in decorated_main
    _run_hydra(
  File "/mlx_devbox/users/lixingzuo.26/MPRL/.venv-mprl311/lib/python3.11/site-packages/hydra/_internal/utils.py", line 394, in _run_hydra
    _run_app(
  File "/mlx_devbox/users/lixingzuo.26/MPRL/.venv-mprl311/lib/python3.11/site-packages/hydra/_internal/utils.py", line 457, in _run_app
    run_and_report(
  File "/mlx_devbox/users/lixingzuo.26/MPRL/.venv-mprl311/lib/python3.11/site-packages/hydra/_internal/utils.py", line 220, in run_and_report
    return func()
           ^^^^^^
  File "/mlx_devbox/users/lixingzuo.26/MPRL/.venv-mprl311/lib/python3.11/site-packages/hydra/_internal/utils.py", line 458, in <lambda>
    lambda: hydra.run(
            ^^^^^^^^^^
  File "/mlx_devbox/users/lixingzuo.26/MPRL/.venv-mprl311/lib/python3.11/site-packages/hydra/_internal/hydra.py", line 119, in run
    ret = run_job(
          ^^^^^^^^
  File "/mlx_devbox/users/lixingzuo.26/MPRL/.venv-mprl311/lib/python3.11/site-packages/hydra/core/utils.py", line 186, in run_job
    ret.return_value = task_function(task_cfg)
                       ^^^^^^^^^^^^^^^^^^^^^^^
  File "/mlx_devbox/users/lixingzuo.26/MPRL/rllm/examples/deepscaler/train_deepscaler_trl.py", line 34, in main
    trainer.train()
  File "/mlx_devbox/users/lixingzuo.26/MPRL/rllm/rllm/trainer/agent_trainer.py", line 100, in train
    self._train_trl()
  File "/mlx_devbox/users/lixingzuo.26/MPRL/rllm/rllm/trainer/agent_trainer.py", line 114, in _train_trl
    trainer.fit_agent()
  File "/mlx_devbox/users/lixingzuo.26/MPRL/rllm/rllm/trainer/trl/trl_agent_trainer.py", line 87, in fit_agent
    asyncio.run(self._fit_agent_async())
  File "/usr/lib/python3.11/asyncio/runners.py", line 190, in run
    return runner.run(main)
           ^^^^^^^^^^^^^^^^
  File "/usr/lib/python3.11/asyncio/runners.py", line 118, in run
    return self._loop.run_until_complete(task)
           ^^^^^^^^^^^^^^^^^^^^^^^^^^^^^^^^^^^
  File "/usr/lib/python3.11/asyncio/base_events.py", line 640, in run_until_complete
    self.run_forever()
  File "/usr/lib/python3.11/asyncio/base_events.py", line 607, in run_forever
    self._run_once()
  File "/usr/lib/python3.11/asyncio/base_events.py", line 1884, in _run_once
    event_list = self._selector.select(timeout)
                 ^^^^^^^^^^^^^^^^^^^^^^^^^^^^^^
  File "/usr/lib/python3.11/selectors.py", line 468, in select
    fd_event_list = self._selector.poll(timeout, max_ev)
                    ^^^^^^^^^^^^^^^^^^^^^^^^^^^^^^^^^^^^
  File "/usr/lib/python3.11/asyncio/runners.py", line 157, in _on_sigint
    raise KeyboardInterrupt()
KeyboardInterrupt
