2026-06-27 13:49:35,405	INFO worker.py:1711 -- Connecting to existing Ray cluster at address: [fdbd:dc61:1a:55::13]:10047...
[2026-06-27 13:49:40,409 E 12203 12203] gcs_rpc_client.h:585: Failed to connect to GCS at address [fdbd:dc61:1a:55::13]:10047 within 5 seconds.
[2026-06-27 13:49:40,409 I 12203 12203] gcs_rpc_client.h:649: successful connect gcs: [fdbd:dc61:1a:55::13]:10047
[2026-06-27 13:50:10,410 W 12203 12203] gcs_client.cc:178: Failed to get cluster ID from GCS server: TimedOut: Timed out while waiting for GCS to become available.
[2026-06-27 13:50:16,414 E 12203 12203] gcs_rpc_client.h:585: Failed to connect to GCS at address [fdbd:dc61:1a:55::13]:10047 within 5 seconds.
[2026-06-27 13:50:16,414 I 12203 12203] gcs_rpc_client.h:649: successful connect gcs: [fdbd:dc61:1a:55::13]:10047
[2026-06-27 13:50:46,415 W 12203 12203] gcs_client.cc:178: Failed to get cluster ID from GCS server: TimedOut: Timed out while waiting for GCS to become available.
[2026-06-27 13:50:52,417 E 12203 12203] gcs_rpc_client.h:585: Failed to connect to GCS at address [fdbd:dc61:1a:55::13]:10047 within 5 seconds.
[2026-06-27 13:50:52,418 I 12203 12203] gcs_rpc_client.h:649: successful connect gcs: [fdbd:dc61:1a:55::13]:10047
[2026-06-27 13:51:22,419 W 12203 12203] gcs_client.cc:178: Failed to get cluster ID from GCS server: TimedOut: Timed out while waiting for GCS to become available.
Traceback (most recent call last):
  File "<frozen runpy>", line 198, in _run_module_as_main
  File "<frozen runpy>", line 88, in _run_code
  File "/mlx_devbox/users/lixingzuo.26/MPRL/rllm/examples/deepscaler/train_deepscaler.py", line 30, in <module>
    main()
  File "/mlx_devbox/users/lixingzuo.26/MPRL/.venv-mprl311/lib/python3.11/site-packages/hydra/main.py", line 94, in decorated_main
    _run_hydra(
  File "/mlx_devbox/users/lixingzuo.26/MPRL/.venv-mprl311/lib/python3.11/site-packages/hydra/_internal/utils.py", line 394, in _run_hydra
    _run_app(
  File "/mlx_devbox/users/lixingzuo.26/MPRL/.venv-mprl311/lib/python3.11/site-packages/hydra/_internal/utils.py", line 457, in _run_app
    run_and_report(
  File "/mlx_devbox/users/lixingzuo.26/MPRL/.venv-mprl311/lib/python3.11/site-packages/hydra/_internal/utils.py", line 220, in run_and_report
    return func()
           ^^^^^^
  File "/mlx_devbox/users/lixingzuo.26/MPRL/.venv-mprl311/lib/python3.11/site-packages/hydra/_internal/utils.py", line 458, in <lambda>
    lambda: hydra.run(
            ^^^^^^^^^^
  File "/mlx_devbox/users/lixingzuo.26/MPRL/.venv-mprl311/lib/python3.11/site-packages/hydra/_internal/hydra.py", line 119, in run
    ret = run_job(
          ^^^^^^^^
  File "/mlx_devbox/users/lixingzuo.26/MPRL/.venv-mprl311/lib/python3.11/site-packages/hydra/core/utils.py", line 186, in run_job
    ret.return_value = task_function(task_cfg)
                       ^^^^^^^^^^^^^^^^^^^^^^^
  File "/mlx_devbox/users/lixingzuo.26/MPRL/rllm/examples/deepscaler/train_deepscaler.py", line 26, in main
    trainer.train()
  File "/mlx_devbox/users/lixingzuo.26/MPRL/rllm/rllm/trainer/agent_trainer.py", line 94, in train
    self._train_verl()
  File "/mlx_devbox/users/lixingzuo.26/MPRL/rllm/rllm/trainer/agent_trainer.py", line 139, in _train_verl
    ray.init(runtime_env=get_ppo_ray_runtime_env(), **ray_init_settings)
  File "/mlx_devbox/users/lixingzuo.26/MPRL/.venv-mprl311/lib/python3.11/site-packages/ray/_private/client_mode_hook.py", line 103, in wrapper
    return func(*args, **kwargs)
           ^^^^^^^^^^^^^^^^^^^^^
  File "/mlx_devbox/users/lixingzuo.26/MPRL/.venv-mprl311/lib/python3.11/site-packages/ray/_private/worker.py", line 1852, in init
    _global_node = ray._private.node.Node(
                   ^^^^^^^^^^^^^^^^^^^^^^^
  File "/mlx_devbox/users/lixingzuo.26/MPRL/.venv-mprl311/lib/python3.11/site-packages/ray/_private/node.py", line 181, in __init__
    self._init_gcs_client()
  File "/mlx_devbox/users/lixingzuo.26/MPRL/.venv-mprl311/lib/python3.11/site-packages/ray/_private/node.py", line 753, in _init_gcs_client
    client = GcsClient(
             ^^^^^^^^^^
  File "python/ray/_raylet.pyx", line 2825, in ray._raylet.GcsClient.__cinit__
  File "python/ray/includes/gcs_client.pxi", line 64, in ray._raylet.InnerGcsClient.standalone
  File "python/ray/includes/common.pxi", line 106, in ray._raylet.check_status_timeout_as_rpc_error
  File "/mlx_devbox/users/lixingzuo.26/MPRL/.venv-mprl311/lib/python3.11/site-packages/ray/exceptions.py", line 539, in __init__
    def __init__(self, message, rpc_code=None):

KeyboardInterrupt
